---
source: tests/setup_orchestration.rs
expression: banner
---

██████╗  █████╗ ███╗   ██╗████████╗ █████╗ ██╗ ██████╗██╗      █████╗ ██╗    ██╗
██╔══██╗██╔══██╗████╗  ██║╚══██╔══╝██╔══██╗██║██╔════╝██║     ██╔══██╗██║    ██║
██████╔╝███████║██╔██╗ ██║   ██║   ███████║██║██║     ██║     ███████║██║ █╗ ██║
██╔══██╗██╔══██║██║╚██╗██║   ██║   ██╔══██║██║██║     ██║     ██╔══██║██║███╗██║
██║  ██║██║  ██║██║ ╚████║   ██║   ██║  ██║██║╚██████╗███████╗██║  ██║╚███╔███╔╝
╚═╝  ╚═╝╚═╝  ╚═╝╚═╝  ╚═══╝   ╚═╝   ╚═╝  ╚═╝╚═╝ ╚═════╝╚══════╝╚═╝  ╚═╝ ╚══╝╚══╝

╭──────────────────────────────────────────────────────────────────────────────────────────────────╮
│ ⠀⠀⠀⠀⠀⠀⠀⠀⠀⠀⠀⠀⠀⠀⠀⠀⠀⠀⠀⠀⠀⠀⠀⠀⠀⠀⠀⠀⠀⠀   │ RantaiClaw vX.Y.Z · Setup Wizard · Press Ctrl-C to abort at any time.│
│ ⠀⠀⠀⠀⠀⠀⠀⠀⠀⠀⠀⠀⠀⠀⠀⠀⠀⠀⠀⠀⠀⠀⠀⠀⠀⠀⠀⠀⠀⠀   │                                                                 │
│ ⠀⠀⠀⠀⠀⠀⠀⠀⠀⠀⠀⠀⣾⣿⣿⣿⣿⣿⣿⣿⣿⣿⣿⣶⣤⡀⠀⠀⠀⠀   │ Let's get you configured.                                       │
│ ⠀⠀⠀⠀⠀⠀⠀⠀⠀⠀⠀⠀⣿⣿⣿⣿⣿⣿⣿⣿⣿⣿⣿⣿⣿⣿⡄⠀⠀⠀   │                                                                 │
│ ⠀⠀⠀⠀⠀⠀⠀⠀⠀⠀⠀⠀⢿⣿⣿⣿⣿⣿⣿⣿⣿⣿⣿⣿⣿⣿⣿⠀⠀⠀   │                                                                 │
│ ⠀⣾⣿⣿⣿⣿⣆⠀⠀⠀⠀⠀⠀⠉⠉⠉⠉⢻⣿⣿⣿⣿⣿⣿⣿⣿⣿⡀⠀⠀   │                                                                 │
│ ⠀⣿⣿⣿⣿⣿⣿⠀⠀⠀⠀⠀⠀⠀⠀⠀⠀⢸⣿⣿⣿⣿⣿⣿⣿⣿⣿⣷⡀⠀   │                                                                 │
│ ⠀⢿⣿⣿⣿⣿⠏⠀⠀⠀⠀⠀⠀⢀⣀⣀⣀⣼⣿⣿⣿⣿⣿⣿⣿⣿⣿⣿⣷⠀   │                                                                 │
│ ⠀⠀⠀⠀⠀⠀⠀⠀⠀⠀⠀⠀⣾⣿⣿⣿⣿⣿⣿⣿⣿⣿⣿⣿⣿⣿⣿⠀⠀⠀   │                                                                 │
│ ⠀⠀⠀⠀⠀⠀⠀⠀⠀⠀⠀⠀⣿⣿⣿⣿⣿⣿⣿⣿⣿⣿⣿⣿⣿⣿⣿⠀⠀⠀   │                                                                 │
│ ⠀⠀⠀⠀⠀⠀⠀⢀⣀⣀⣀⠀⢿⣿⣿⣿⣿⣿⣿⣿⣿⣿⣿⣿⣿⣿⡿⠀⠀⠀   │                                                                 │
│ ⠀⠀⠀⠀⠀⠀⢰⣿⣿⣿⣿⣿⡄⠀⠀⠀⠀⢹⣿⣿⣿⣿⣿⡏⠀⠀⠀⠀⠀⠀   │                                                                 │
│ ⠀⠀⠀⠀⠀⠀⢸⣿⣿⣿⣿⣿⡇⠀⠀⠀⠀⢸⣿⣿⣿⣿⣿⡇⠀⠀⠀⠀⠀⠀   │                                                                 │
│ ⠀⠀⠀⠀⠀⠀⠘⢿⣿⣿⣿⡿⠁⠀⠀⠀⠀⠸⣿⣿⣿⣿⡿⠃⠀⠀⠀⠀⠀⠀   │                                                                 │
│ ⠀⠀⠀⠀⠀⠀⠀⠀⠀⠀⠀⠀⠀⠀⠀⠀⠀⠀⠀⠀⠀⠀⠀⠀⠀⠀⠀⠀⠀⠀   │                                                                 │
│ ⠀⠀⠀⠀⠀⠀⠀⠀⠀⠀⠀⠀⠀⠀⠀⠀⠀⠀⠀⠀⠀⠀⠀⠀⠀⠀⠀⠀⠀⠀   │                                                                 │
╰──────────────────────────────────────────────────────────────────────────────────────────────────╯
