---
source: tests/setup_orchestration.rs
assertion_line: 223
expression: banner
---

██████╗  █████╗ ███╗   ██╗████████╗ █████╗ ██╗ ██████╗██╗      █████╗ 
██╔══██╗██╔══██╗████╗  ██║╚══██╔══╝██╔══██╗██║██╔════╝██║     ██╔══██╗
██████╔╝███████║██╔██╗ ██║   ██║   ███████║██║██║     ██║     ███████║
██╔══██╗██╔══██║██║╚██╗██║   ██║   ██╔══██║██║██║     ██║     ██╔══██║
██║  ██║██║  ██║██║ ╚████║   ██║   ██║  ██║██║╚██████╗███████╗██║  ██║
╚═╝  ╚═╝╚═╝  ╚═╝╚═╝  ╚═══╝   ╚═╝   ╚═╝  ╚═╝╚═╝ ╚═════╝╚══════╝╚═╝  ╚═╝
                                                                      
██╗    ██╗
██║    ██║
██║ █╗ ██║
██║███╗██║
╚███╔███╔╝
 ╚══╝╚══╝ 
          
┌──────────────────────────┬───────────────────────────────────────────────────────────────┐
│▀▀▀▀▀▀▀▀▀▀▀▀▀▀▀▀▀▀▀▀▀▀▀▀  │RantaiClaw v0.5.0 · Setup Wizard · Press Ctrl-C to abort at any time.│
│▀▀▀▀▀▀▀▀▀▀▀▀▀▀▀▀▀▀▀▀▀▀▀▀  │                                                               │
│▀▀▀▀▀▀▀▀▀▀▀▀▀▀▀▀▀▀▀▀▀▀▀▀  │Let's get you configured.                                      │
│▀▀▀▀▀▀▀▀▀▀▀▀▀▀▀▀▀▀▀▀▀▀▀▀  │                                                               │
│▀▀▀▀▀▀▀▀▀▀▀▀▀▀▀▀▀▀▀▀▀▀▀▀  │                                                               │
│▀▀▀▀▀▀▀▀▀▀▀▀▀▀▀▀▀▀▀▀▀▀▀▀  │                                                               │
│▀▀▀▀▀▀▀▀▀▀▀▀▀▀▀▀▀▀▀▀▀▀▀▀  │                                                               │
│▀▀▀▀▀▀▀▀▀▀▀▀▀▀▀▀▀▀▀▀▀▀▀▀  │                                                               │
│▀▀▀▀▀▀▀▀▀▀▀▀▀▀▀▀▀▀▀▀▀▀▀▀  │                                                               │
│▀▀▀▀▀▀▀▀▀▀▀▀▀▀▀▀▀▀▀▀▀▀▀▀  │                                                               │
│▀▀▀▀▀▀▀▀▀▀▀▀▀▀▀▀▀▀▀▀▀▀▀▀  │                                                               │
│▀▀▀▀▀▀▀▀▀▀▀▀▀▀▀▀▀▀▀▀▀▀▀▀  │                                                               │
└──────────────────────────┴───────────────────────────────────────────────────────────────┘
